Archive member included because of file (symbol)

.\CortexM3\ARM_GCC_493\Debug\BalancingCube.a(cyfitter_cfg.o)
                              .\CortexM3\ARM_GCC_493\Debug\Cm3Start.o (cyfitter_cfg)
.\CortexM3\ARM_GCC_493\Debug\BalancingCube.a(CyLib.o)
                              .\CortexM3\ARM_GCC_493\Debug\Cm3Start.o (CyHalt)
.\CortexM3\ARM_GCC_493\Debug\BalancingCube.a(cyPm.o)
                              .\CortexM3\ARM_GCC_493\Debug\BalancingCube.a(CyLib.o) (CyPmReadStatus)
.\CortexM3\ARM_GCC_493\Debug\BalancingCube.a(I2CM.o)
                              .\CortexM3\ARM_GCC_493\Debug\main.o (I2CM_Start)
.\CortexM3\ARM_GCC_493\Debug\BalancingCube.a(I2CM_INT.o)
                              .\CortexM3\ARM_GCC_493\Debug\BalancingCube.a(I2CM.o) (I2CM_ISR)
.\CortexM3\ARM_GCC_493\Debug\BalancingCube.a(I2CM_PM.o)
                              .\CortexM3\ARM_GCC_493\Debug\BalancingCube.a(I2CM.o) (I2CM_backup)
.\CortexM3\ARM_GCC_493\Debug\BalancingCube.a(I2CM_MASTER.o)
                              .\CortexM3\ARM_GCC_493\Debug\BalancingCube.a(I2CM.o) (I2CM_mstrStatus)
.\CortexM3\ARM_GCC_493\Debug\BalancingCube.a(flywheel_clock.o)
                              .\CortexM3\ARM_GCC_493\Debug\main.o (flywheel_clock_Start)
.\CortexM3\ARM_GCC_493\Debug\BalancingCube.a(accelUP_ISR.o)
                              .\CortexM3\ARM_GCC_493\Debug\main.o (accelUP_ISR_SetPriority)
.\CortexM3\ARM_GCC_493\Debug\BalancingCube.a(fw1_PWM.o)
                              .\CortexM3\ARM_GCC_493\Debug\main.o (fw1_PWM_WritePeriod)
.\CortexM3\ARM_GCC_493\Debug\BalancingCube.a(fw3_PWM.o)
                              .\CortexM3\ARM_GCC_493\Debug\main.o (fw3_PWM_WritePeriod)
.\CortexM3\ARM_GCC_493\Debug\BalancingCube.a(fw2_PWM.o)
                              .\CortexM3\ARM_GCC_493\Debug\main.o (fw2_PWM_WriteCompare1)
.\CortexM3\ARM_GCC_493\Debug\BalancingCube.a(UART.o)
                              .\CortexM3\ARM_GCC_493\Debug\main.o (UART_Start)
.\CortexM3\ARM_GCC_493\Debug\BalancingCube.a(UART_IntClock.o)
                              .\CortexM3\ARM_GCC_493\Debug\BalancingCube.a(UART.o) (UART_IntClock_Start)
.\CortexM3\ARM_GCC_493\Debug\BalancingCube.a(blueRX_ISR.o)
                              .\CortexM3\ARM_GCC_493\Debug\main.o (blueRX_ISR_SetPriority)
.\CortexM3\ARM_GCC_493\Debug\BalancingCube.a(fw3_RPM_ISR.o)
                              .\CortexM3\ARM_GCC_493\Debug\main.o (fw3_RPM_ISR_GetState)
.\CortexM3\ARM_GCC_493\Debug\BalancingCube.a(fw2_RPM_ISR.o)
                              .\CortexM3\ARM_GCC_493\Debug\main.o (fw2_RPM_ISR_GetState)
.\CortexM3\ARM_GCC_493\Debug\BalancingCube.a(fw1_RPM_ISR.o)
                              .\CortexM3\ARM_GCC_493\Debug\main.o (fw1_RPM_ISR_GetState)
.\CortexM3\ARM_GCC_493\Debug\BalancingCube.a(fw2_RPM_ISRPin.o)
                              .\CortexM3\ARM_GCC_493\Debug\main.o (fw2_RPM_ISRPin_ClearInterrupt)
.\CortexM3\ARM_GCC_493\Debug\BalancingCube.a(fw3_RPM_ISRPin.o)
                              .\CortexM3\ARM_GCC_493\Debug\main.o (fw3_RPM_ISRPin_ClearInterrupt)
.\CortexM3\ARM_GCC_493\Debug\BalancingCube.a(fw1_RPM_ISRPin.o)
                              .\CortexM3\ARM_GCC_493\Debug\main.o (fw1_RPM_ISRPin_ClearInterrupt)
.\CortexM3\ARM_GCC_493\Debug\BalancingCube.a(CyBootAsmGnu.o)
                              .\CortexM3\ARM_GCC_493\Debug\BalancingCube.a(cyfitter_cfg.o) (CyDelayCycles)
.\CortexM3\ARM_GCC_493\Debug\BalancingCube.a(CyFlash.o)
                              .\CortexM3\ARM_GCC_493\Debug\BalancingCube.a(cyPm.o) (CyFlash_SetWaitCycles)
.\CortexM3\ARM_GCC_493\Debug\BalancingCube.a(CySpc.o)
                              .\CortexM3\ARM_GCC_493\Debug\BalancingCube.a(CyFlash.o) (CySpcStart)
c:/program files (x86)/cypress/psoc creator/4.0/psoc creator/import/gnu/arm/4.9.3/bin/../lib/gcc/arm-none-eabi/4.9.3/../../../../arm-none-eabi/lib/armv7-m\libg_nano.a(lib_a-errno.o)
                              .\CortexM3\ARM_GCC_493\Debug\Cm3Start.o (__errno)
c:/program files (x86)/cypress/psoc creator/4.0/psoc creator/import/gnu/arm/4.9.3/bin/../lib/gcc/arm-none-eabi/4.9.3/../../../../arm-none-eabi/lib/armv7-m\libg_nano.a(lib_a-exit.o)
                              c:/program files (x86)/cypress/psoc creator/4.0/psoc creator/import/gnu/arm/4.9.3/bin/../lib/gcc/arm-none-eabi/4.9.3/../../../../arm-none-eabi/lib/armv7-m/crt0.o (exit)
c:/program files (x86)/cypress/psoc creator/4.0/psoc creator/import/gnu/arm/4.9.3/bin/../lib/gcc/arm-none-eabi/4.9.3/../../../../arm-none-eabi/lib/armv7-m\libg_nano.a(lib_a-impure.o)
                              c:/program files (x86)/cypress/psoc creator/4.0/psoc creator/import/gnu/arm/4.9.3/bin/../lib/gcc/arm-none-eabi/4.9.3/../../../../arm-none-eabi/lib/armv7-m\libg_nano.a(lib_a-exit.o) (_global_impure_ptr)
c:/program files (x86)/cypress/psoc creator/4.0/psoc creator/import/gnu/arm/4.9.3/bin/../lib/gcc/arm-none-eabi/4.9.3/../../../../arm-none-eabi/lib/armv7-m\libg_nano.a(lib_a-init.o)
[...]
Memory Configuration

Name             Origin             Length             Attributes
rom              0x00000000         0x00040000         xr
ram              0x1fff8000         0x00010000         xrw
*default*        0x00000000         0xffffffff

Linker script and memory map

LOAD c:/program files (x86)/cypress/psoc creator/4.0/psoc creator/import/gnu/arm/4.9.3/bin/../lib/gcc/arm-none-eabi/4.9.3/armv7-m/crti.o
LOAD c:/program files (x86)/cypress/psoc creator/4.0/psoc creator/import/gnu/arm/4.9.3/bin/../lib/gcc/arm-none-eabi/4.9.3/armv7-m/crtbegin.o
LOAD c:/program files (x86)/cypress/psoc creator/4.0/psoc creator/import/gnu/arm/4.9.3/bin/../lib/gcc/arm-none-eabi/4.9.3/../../../../arm-none-eabi/lib/armv7-m/crt0.o
START GROUP
LOAD .\CortexM3\ARM_GCC_493\Debug\main.o
LOAD .\CortexM3\ARM_GCC_493\Debug\MPU6050.o
LOAD .\CortexM3\ARM_GCC_493\Debug\I2C.o
LOAD .\CortexM3\ARM_GCC_493\Debug\blue.o
LOAD .\CortexM3\ARM_GCC_493\Debug\cymetadata.o
LOAD .\CortexM3\ARM_GCC_493\Debug\Cm3Start.o
LOAD .\CortexM3\ARM_GCC_493\Debug\BalancingCube.a
LOAD C:\Program Files (x86)\Cypress\PSoC Creator\4.0\PSoC Creator\psoc\content\cycomponentlibrary\CyComponentLibrary.cylib\CortexM3\ARM_GCC_493\Debug\CyComponentLibrary.a
END GROUP
START GROUP
LOAD c:/program files (x86)/cypress/psoc creator/4.0/psoc creator/import/gnu/arm/4.9.3/bin/../lib/gcc/arm-none-eabi/4.9.3/armv7-m\libgcc.a
LOAD c:/program files (x86)/cypress/psoc creator/4.0/psoc creator/import/gnu/arm/4.9.3/bin/../lib/gcc/arm-none-eabi/4.9.3/../../../../arm-none-eabi/lib/armv7-m\libg_nano.a
LOAD c:/program files (x86)/cypress/psoc creator/4.0/psoc creator/import/gnu/arm/4.9.3/bin/../lib/gcc/arm-none-eabi/4.9.3/../../../../arm-none-eabi/lib/armv7-m\libc_nano.a
END GROUP
START GROUP
LOAD c:/program files (x86)/cypress/psoc creator/4.0/psoc creator/import/gnu/arm/4.9.3/bin/../lib/gcc/arm-none-eabi/4.9.3/armv7-m\libgcc.a
LOAD c:/program files (x86)/cypress/psoc creator/4.0/psoc creator/import/gnu/arm/4.9.3/bin/../lib/gcc/arm-none-eabi/4.9.3/../../../../arm-none-eabi/lib/armv7-m\libc_nano.a
END GROUP
LOAD c:/program files (x86)/cypress/psoc creator/4.0/psoc creator/import/gnu/arm/4.9.3/bin/../lib/gcc/arm-none-eabi/4.9.3/armv7-m/crtend.o
LOAD c:/program files (x86)/cypress/psoc creator/4.0/psoc creator/import/gnu/arm/4.9.3/bin/../lib/gcc/arm-none-eabi/4.9.3/armv7-m/crtn.o
START GROUP
LOAD c:/program files (x86)/cypress/psoc creator/4.0/psoc creator/import/gnu/arm/4.9.3/bin/../lib/gcc/arm-none-eabi/4.9.3/armv7-m\libgcc.a
LOAD c:/program files (x86)/cypress/psoc creator/4.0/psoc creator/import/gnu/arm/4.9.3/bin/../lib/gcc/arm-none-eabi/4.9.3/../../../../arm-none-eabi/lib/armv7-m\libc.a
LOAD c:/program files (x86)/cypress/psoc creator/4.0/psoc creator/import/gnu/arm/4.9.3/bin/../lib/gcc/arm-none-eabi/4.9.3/../../../../arm-none-eabi/lib/armv7-m\libnosys.a
END GROUP
                0x00000000                CY_APPL_ORIGIN = 0x0
                0x00000100                CY_FLASH_ROW_SIZE = 0x100
                0x00000020                CY_ECC_ROW_SIZE = 0x20
                0x00000000                CY_EE_IN_BTLDR = 0x0
                0x00000000                CY_APPL_LOADABLE = 0x0
                0x00000800                CY_EE_SIZE = 0x800
                0x00000001                CY_APPL_NUM = 0x1
                0x00000001                CY_APPL_MAX = 0x1
                0x00000040                CY_METADATA_SIZE = 0x40
                0x00000000                CY_APPL_LOADABLE = 0x0
                0x00000000                CY_CHECKSUM_EXCLUDE_SIZE = ALIGN (0x0, CY_FLASH_ROW_SIZE)
                0x1fff8270                PROVIDE (__cy_heap_start, _end)
                0x00000001                PROVIDE (__cy_region_num, ((__cy_regions_end - __cy_regions) / 0x10))
                0x20008000                PROVIDE (__cy_stack, (ORIGIN (ram) + 0x10000))
                0x20007800                PROVIDE (__cy_heap_end, (__cy_stack - 0x800))

.cybootloader   0x00000000        0x0
 *(.cybootloader)
                0x00000000                appl1_start = CY_APPL_ORIGIN?CY_APPL_ORIGIN:ALIGN (CY_FLASH_ROW_SIZE)
                0x0001ff00                appl2_start = (appl1_start + ALIGN ((((0x40000 - appl1_start) - (0x2 * CY_FLASH_ROW_SIZE)) / 0x2), CY_FLASH_ROW_SIZE))
                0x00000000                appl_start = (CY_APPL_NUM == 0x1)?appl1_start:appl2_start
                0x00000000                ecc_offset = ((appl_start / CY_FLASH_ROW_SIZE) * CY_ECC_ROW_SIZE)
                0x00000000                ee_offset = (CY_APPL_LOADABLE && ! (CY_EE_IN_BTLDR))?((CY_EE_SIZE / CY_APPL_MAX) * (CY_APPL_NUM - 0x1)):0x0
                0x00000800                ee_size = (CY_APPL_LOADABLE && ! (CY_EE_IN_BTLDR))?(CY_EE_SIZE / CY_APPL_MAX):CY_EE_SIZE
                0x00000000                PROVIDE (CY_ECC_OFFSET, ecc_offset)

.text           0x00000000     0x1278
 CREATE_OBJECT_SYMBOLS
                0x00000000                PROVIDE (__cy_interrupt_vector, RomVectors)
 *(.romvectors)
 .romvectors    0x00000000       0x10 .\CortexM3\ARM_GCC_493\Debug\Cm3Start.o
                0x00000000                RomVectors
                0x00000001                ASSERT ((. != __cy_interrupt_vector), No interrupt vector)
                0x00000001                ASSERT (CY_APPL_ORIGIN?(SIZEOF (.cybootloader) <= CY_APPL_ORIGIN):0x1, Wrong image location)
                0x00000010                PROVIDE (__cy_reset, Reset)
 *(.text.Reset)
 .text.Reset    0x00000010       0x18 .\CortexM3\ARM_GCC_493\Debug\Cm3Start.o
                0x00000010                Reset
                0x00000001                ASSERT ((. != __cy_reset), No reset code)
 *(.dma_init)
                0x00000001                ASSERT ((((appl_start + .) <= 0x10000) || 0x1), DMA Init must be within the first 64k of flash)
 *(.text .text.* .gnu.linkonce.t.*)
 .text          0x00000028       0x5c c:/program files (x86)/cypress/psoc creator/4.0/psoc creator/import/gnu/arm/4.9.3/bin/../lib/gcc/arm-none-eabi/4.9.3/armv7-m/crtbegin.o
 .text.blueRX_ISR
                0x00000084       0x28 .\CortexM3\ARM_GCC_493\Debug\main.o
                0x00000084                blueRX_ISR
 .text.accelUP_ISR
                0x000000ac       0x54 .\CortexM3\ARM_GCC_493\Debug\main.o
                0x000000ac                accelUP_ISR
 .text.motion_handler
                0x00000100       0x38 .\CortexM3\ARM_GCC_493\Debug\main.o
                0x00000100                motion_handler
 .text.main     0x00000138      0x188 .\CortexM3\ARM_GCC_493\Debug\main.o
                0x00000138                main
 .text.MPU6050_getMotion6
                0x000002c0       0x6c .\CortexM3\ARM_GCC_493\Debug\MPU6050.o
                0x000002c0                MPU6050_getMotion6
 .text.I2CReadBytes
                0x0000032c       0x48 .\CortexM3\ARM_GCC_493\Debug\I2C.o
                0x0000032c                I2CReadBytes
 .text.ReadRxData
                0x00000374       0x70 .\CortexM3\ARM_GCC_493\Debug\blue.o
                0x00000374                ReadRxData
 .text.config_blue
                0x000003e4       0x7c .\CortexM3\ARM_GCC_493\Debug\blue.o
                0x000003e4                config_blue
 .text.WriteTxData
                0x00000460       0x18 .\CortexM3\ARM_GCC_493\Debug\blue.o
                0x00000460                WriteTxData
 .text.IntDefaultHandler
                0x00000478       0x10 .\CortexM3\ARM_GCC_493\Debug\Cm3Start.o
                0x00000478                IntDefaultHandler
 .text.Start_c  0x00000488       0x4c .\CortexM3\ARM_GCC_493\Debug\Cm3Start.o
                0x00000488                Start_c
 .text.initialize_psoc
                0x000004d4       0x74 .\CortexM3\ARM_GCC_493\Debug\Cm3Start.o
                0x000004d4                initialize_psoc
 .text.CyClockStartupError
                0x00000548        0x4 .\CortexM3\ARM_GCC_493\Debug\BalancingCube.a(cyfitter_cfg.o)
 .text.cfg_write_bytes32
                0x0000054c       0x34 .\CortexM3\ARM_GCC_493\Debug\BalancingCube.a(cyfitter_cfg.o)
 .text.AnalogSetDefault
                0x00000580       0x28 .\CortexM3\ARM_GCC_493\Debug\BalancingCube.a(cyfitter_cfg.o)
 .text.CYMEMZERO
                0x000005a8        0xc .\CortexM3\ARM_GCC_493\Debug\BalancingCube.a(cyfitter_cfg.o)
 .text.ClockSetup
                0x000005b4       0xd0 .\CortexM3\ARM_GCC_493\Debug\BalancingCube.a(cyfitter_cfg.o)
 .text.CYCONFIGCPY
                0x00000684        0x8 .\CortexM3\ARM_GCC_493\Debug\BalancingCube.a(cyfitter_cfg.o)
 .text.cyfitter_cfg
                0x0000068c      0x144 .\CortexM3\ARM_GCC_493\Debug\BalancingCube.a(cyfitter_cfg.o)
                0x0000068c                cyfitter_cfg
 .text.CyHalt   0x000007d0        0x4 .\CortexM3\ARM_GCC_493\Debug\BalancingCube.a(CyLib.o)
                0x000007d0                CyHalt
 .text.CyDelay  0x000007d4       0x2c .\CortexM3\ARM_GCC_493\Debug\BalancingCube.a(CyLib.o)
                0x000007d4                CyDelay
 .text.CyIntSetVector
                0x00000800       0x28 .\CortexM3\ARM_GCC_493\Debug\BalancingCube.a(CyLib.o)
                0x00000800                CyIntSetVector
 .text.CyIntSetPriority
                0x00000828       0x30 .\CortexM3\ARM_GCC_493\Debug\BalancingCube.a(CyLib.o)
                0x00000828                CyIntSetPriority
 .text.CyIntGetState
                0x00000858       0x24 .\CortexM3\ARM_GCC_493\Debug\BalancingCube.a(CyLib.o)
                0x00000858                CyIntGetState
 .text.I2CM_Init
                0x0000087c       0x68 .\CortexM3\ARM_GCC_493\Debug\BalancingCube.a(I2CM.o)
                0x0000087c                I2CM_Init
 .text.I2CM_Enable
                0x000008e4       0x24 .\CortexM3\ARM_GCC_493\Debug\BalancingCube.a(I2CM.o)
                0x000008e4                I2CM_Enable
 .text.I2CM_Start
                0x00000908       0x28 .\CortexM3\ARM_GCC_493\Debug\BalancingCube.a(I2CM.o)
                0x00000908                I2CM_Start
 .text.I2CM_ISR
                0x00000930      0x2cc .\CortexM3\ARM_GCC_493\Debug\BalancingCube.a(I2CM_INT.o)
                0x00000930                I2CM_ISR
 .text.I2CM_MasterSendStart
                0x00000bfc       0x80 .\CortexM3\ARM_GCC_493\Debug\BalancingCube.a(I2CM_MASTER.o)
                0x00000bfc                I2CM_MasterSendStart
 .text.I2CM_MasterSendRestart
                0x00000c7c       0x6c .\CortexM3\ARM_GCC_493\Debug\BalancingCube.a(I2CM_MASTER.o)
                0x00000c7c                I2CM_MasterSendRestart
 .text.I2CM_MasterSendStop
                0x00000ce8       0x38 .\CortexM3\ARM_GCC_493\Debug\BalancingCube.a(I2CM_MASTER.o)
                0x00000ce8                I2CM_MasterSendStop
 .text.I2CM_MasterWriteByte
                0x00000d20       0x58 .\CortexM3\ARM_GCC_493\Debug\BalancingCube.a(I2CM_MASTER.o)
                0x00000d20                I2CM_MasterWriteByte
 .text.I2CM_MasterReadByte
                0x00000d78       0x58 .\CortexM3\ARM_GCC_493\Debug\BalancingCube.a(I2CM_MASTER.o)
                0x00000d78                I2CM_MasterReadByte
 .text.flywheel_clock_Start
                0x00000dd0       0x1c .\CortexM3\ARM_GCC_493\Debug\BalancingCube.a(flywheel_clock.o)
                0x00000dd0                flywheel_clock_Start
 .text.accelUP_ISR_SetVector
                0x00000dec        0xc .\CortexM3\ARM_GCC_493\Debug\BalancingCube.a(accelUP_ISR.o)
                0x00000dec                accelUP_ISR_SetVector
 .text.accelUP_ISR_SetPriority
                0x00000df8       0x10 .\CortexM3\ARM_GCC_493\Debug\BalancingCube.a(accelUP_ISR.o)
                0x00000df8                accelUP_ISR_SetPriority
 .text.accelUP_ISR_Enable
                0x00000e08        0xc .\CortexM3\ARM_GCC_493\Debug\BalancingCube.a(accelUP_ISR.o)
                0x00000e08                accelUP_ISR_Enable
 .text.accelUP_ISR_Disable
                0x00000e14        0xc .\CortexM3\ARM_GCC_493\Debug\BalancingCube.a(accelUP_ISR.o)
                0x00000e14                accelUP_ISR_Disable
 .text.accelUP_ISR_StartEx
                0x00000e20       0x1c .\CortexM3\ARM_GCC_493\Debug\BalancingCube.a(accelUP_ISR.o)
                0x00000e20                accelUP_ISR_StartEx
 .text.accelUP_ISR_ClearPending
                0x00000e3c        0xc .\CortexM3\ARM_GCC_493\Debug\BalancingCube.a(accelUP_ISR.o)
                0x00000e3c                accelUP_ISR_ClearPending
 .text.fw1_PWM_Enable
                0x00000e48       0x10 .\CortexM3\ARM_GCC_493\Debug\BalancingCube.a(fw1_PWM.o)
                0x00000e48                fw1_PWM_Enable
 .text.fw1_PWM_WriteCounter
                0x00000e58        0xc .\CortexM3\ARM_GCC_493\Debug\BalancingCube.a(fw1_PWM.o)
                0x00000e58                fw1_PWM_WriteCounter
 .text.fw1_PWM_WritePeriod
                0x00000e64        0xc .\CortexM3\ARM_GCC_493\Debug\BalancingCube.a(fw1_PWM.o)
                0x00000e64                fw1_PWM_WritePeriod
 .text.fw1_PWM_WriteCompare1
                0x00000e70        0xc .\CortexM3\ARM_GCC_493\Debug\BalancingCube.a(fw1_PWM.o)
                0x00000e70                fw1_PWM_WriteCompare1
 .text.fw1_PWM_WriteCompare2
                0x00000e7c        0xc .\CortexM3\ARM_GCC_493\Debug\BalancingCube.a(fw1_PWM.o)
                0x00000e7c                fw1_PWM_WriteCompare2
 .text.fw1_PWM_Init
                0x00000e88       0x48 .\CortexM3\ARM_GCC_493\Debug\BalancingCube.a(fw1_PWM.o)
                0x00000e88                fw1_PWM_Init
 .text.fw1_PWM_Start
                0x00000ed0       0x1c .\CortexM3\ARM_GCC_493\Debug\BalancingCube.a(fw1_PWM.o)
                0x00000ed0                fw1_PWM_Start
 .text.fw3_PWM_Enable
                0x00000eec       0x10 .\CortexM3\ARM_GCC_493\Debug\BalancingCube.a(fw3_PWM.o)
                0x00000eec                fw3_PWM_Enable
 .text.fw3_PWM_WriteCounter
                0x00000efc        0xc .\CortexM3\ARM_GCC_493\Debug\BalancingCube.a(fw3_PWM.o)
                0x00000efc                fw3_PWM_WriteCounter
 .text.fw3_PWM_WritePeriod
                0x00000f08        0xc .\CortexM3\ARM_GCC_493\Debug\BalancingCube.a(fw3_PWM.o)
                0x00000f08                fw3_PWM_WritePeriod
 .text.fw3_PWM_WriteCompare1
                0x00000f14        0xc .\CortexM3\ARM_GCC_493\Debug\BalancingCube.a(fw3_PWM.o)
                0x00000f14                fw3_PWM_WriteCompare1
 .text.fw3_PWM_WriteCompare2
                0x00000f20        0xc .\CortexM3\ARM_GCC_493\Debug\BalancingCube.a(fw3_PWM.o)
                0x00000f20                fw3_PWM_WriteCompare2
 .text.fw3_PWM_Init
                0x00000f2c       0x48 .\CortexM3\ARM_GCC_493\Debug\BalancingCube.a(fw3_PWM.o)
                0x00000f2c                fw3_PWM_Init
 .text.fw3_PWM_Start
                0x00000f74       0x1c .\CortexM3\ARM_GCC_493\Debug\BalancingCube.a(fw3_PWM.o)
                0x00000f74                fw3_PWM_Start
 .text.fw2_PWM_Enable
                0x00000f90       0x10 .\CortexM3\ARM_GCC_493\Debug\BalancingCube.a(fw2_PWM.o)
                0x00000f90                fw2_PWM_Enable
 .text.fw2_PWM_WriteCounter
                0x00000fa0        0xc .\CortexM3\ARM_GCC_493\Debug\BalancingCube.a(fw2_PWM.o)
                0x00000fa0                fw2_PWM_WriteCounter
 .text.fw2_PWM_WritePeriod
                0x00000fac        0xc .\CortexM3\ARM_GCC_493\Debug\BalancingCube.a(fw2_PWM.o)
                0x00000fac                fw2_PWM_WritePeriod
 .text.fw2_PWM_WriteCompare1
                0x00000fb8        0xc .\CortexM3\ARM_GCC_493\Debug\BalancingCube.a(fw2_PWM.o)
                0x00000fb8                fw2_PWM_WriteCompare1
 .text.fw2_PWM_WriteCompare2
                0x00000fc4        0xc .\CortexM3\ARM_GCC_493\Debug\BalancingCube.a(fw2_PWM.o)
                0x00000fc4                fw2_PWM_WriteCompare2
 .text.fw2_PWM_Init
                0x00000fd0       0x48 .\CortexM3\ARM_GCC_493\Debug\BalancingCube.a(fw2_PWM.o)
                0x00000fd0                fw2_PWM_Init
 .text.fw2_PWM_Start
                0x00001018       0x1c .\CortexM3\ARM_GCC_493\Debug\BalancingCube.a(fw2_PWM.o)
                0x00001018                fw2_PWM_Start
 .text.UART_Init
                0x00001034       0x24 .\CortexM3\ARM_GCC_493\Debug\BalancingCube.a(UART.o)
                0x00001034                UART_Init
 .text.UART_Enable
                0x00001058       0x38 .\CortexM3\ARM_GCC_493\Debug\BalancingCube.a(UART.o)
                0x00001058                UART_Enable
 .text.UART_Start
                0x00001090       0x1c .\CortexM3\ARM_GCC_493\Debug\BalancingCube.a(UART.o)
                0x00001090                UART_Start
 .text.UART_GetChar
                0x000010ac       0x2c .\CortexM3\ARM_GCC_493\Debug\BalancingCube.a(UART.o)
                0x000010ac                UART_GetChar
 .text.UART_GetRxBufferSize
                0x000010d8       0x18 .\CortexM3\ARM_GCC_493\Debug\BalancingCube.a(UART.o)
                0x000010d8                UART_GetRxBufferSize
 .text.UART_PutChar
                0x000010f0       0x18 .\CortexM3\ARM_GCC_493\Debug\BalancingCube.a(UART.o)
                0x000010f0                UART_PutChar
 .text.UART_PutString
                0x00001108       0x24 .\CortexM3\ARM_GCC_493\Debug\BalancingCube.a(UART.o)
                0x00001108                UART_PutString
 .text.UART_IntClock_Start
                0x0000112c       0x1c .\CortexM3\ARM_GCC_493\Debug\BalancingCube.a(UART_IntClock.o)
                0x0000112c                UART_IntClock_Start
 .text.blueRX_ISR_SetVector
                0x00001148        0xc .\CortexM3\ARM_GCC_493\Debug\BalancingCube.a(blueRX_ISR.o)
                0x00001148                blueRX_ISR_SetVector
 .text.blueRX_ISR_SetPriority
                0x00001154       0x10 .\CortexM3\ARM_GCC_493\Debug\BalancingCube.a(blueRX_ISR.o)
                0x00001154                blueRX_ISR_SetPriority
 .text.blueRX_ISR_Enable
                0x00001164        0xc .\CortexM3\ARM_GCC_493\Debug\BalancingCube.a(blueRX_ISR.o)
                0x00001164                blueRX_ISR_Enable
 .text.blueRX_ISR_Disable
                0x00001170        0xc .\CortexM3\ARM_GCC_493\Debug\BalancingCube.a(blueRX_ISR.o)
                0x00001170                blueRX_ISR_Disable
 .text.blueRX_ISR_StartEx
                0x0000117c       0x1c .\CortexM3\ARM_GCC_493\Debug\BalancingCube.a(blueRX_ISR.o)
                0x0000117c                blueRX_ISR_StartEx
 .text.blueRX_ISR_ClearPending
                0x00001198        0xc .\CortexM3\ARM_GCC_493\Debug\BalancingCube.a(blueRX_ISR.o)
                0x00001198                blueRX_ISR_ClearPending
 *fill*         0x000011a4        0x4 
 .text          0x000011a8       0x20 .\CortexM3\ARM_GCC_493\Debug\BalancingCube.a(CyBootAsmGnu.o)
                0x000011a8                CyDelayCycles
                0x000011b8                CyEnterCriticalSection
                0x000011c0                CyExitCriticalSection
 .text.__errno  0x000011c8        0xc c:/program files (x86)/cypress/psoc creator/4.0/psoc creator/import/gnu/arm/4.9.3/bin/../lib/gcc/arm-none-eabi/4.9.3/../../../../arm-none-eabi/lib/armv7-m\libg_nano.a(lib_a-errno.o)
                0x000011c8                __errno
 .text.__libc_init_array
                0x000011d4       0x4c c:/program files (x86)/cypress/psoc creator/4.0/psoc creator/import/gnu/arm/4.9.3/bin/../lib/gcc/arm-none-eabi/4.9.3/../../../../arm-none-eabi/lib/armv7-m\libg_nano.a(lib_a-init.o)
                0x000011d4                __libc_init_array
 .text.memcpy   0x00001220       0x16 c:/program files (x86)/cypress/psoc creator/4.0/psoc creator/import/gnu/arm/4.9.3/bin/../lib/gcc/arm-none-eabi/4.9.3/../../../../arm-none-eabi/lib/armv7-m\libg_nano.a(lib_a-memcpy.o)
                0x00001220                memcpy
 .text.memset   0x00001236       0x10 c:/program files (x86)/cypress/psoc creator/4.0/psoc creator/import/gnu/arm/4.9.3/bin/../lib/gcc/arm-none-eabi/4.9.3/../../../../arm-none-eabi/lib/armv7-m\libg_nano.a(lib_a-memset.o)
                0x00001236                memset
 .text.strncmp  0x00001246       0x32 c:/program files (x86)/cypress/psoc creator/4.0/psoc creator/import/gnu/arm/4.9.3/bin/../lib/gcc/arm-none-eabi/4.9.3/../../../../arm-none-eabi/lib/armv7-m\libg_nano.a(lib_a-strncmp.o)
                0x00001246                strncmp
 *(.plt)
 *(.gnu.warning)
 *(.glue_7t)
 .glue_7t       0x00000000        0x0 linker stubs
 *(.glue_7)
 .glue_7        0x00000000        0x0 linker stubs
 *(.vfp11_veneer)
 .vfp11_veneer  0x00000000        0x0 linker stubs
 *(.bootloader)
 *(.ARM.extab* .gnu.linkonce.armextab.*)
 *(.gcc_except_table)

.v4_bx          0x00001278        0x0
 .v4_bx         0x00000000        0x0 linker stubs

.iplt           0x00001278        0x0
 .iplt          0x00000000        0x0 c:/program files (x86)/cypress/psoc creator/4.0/psoc creator/import/gnu/arm/4.9.3/bin/../lib/gcc/arm-none-eabi/4.9.3/armv7-m/crtbegin.o

.eh_frame_hdr
 *(.eh_frame_hdr)

.eh_frame       0x00001278        0x4
 *(.eh_frame)
 .eh_frame      0x00001278        0x0 c:/program files (x86)/cypress/psoc creator/4.0/psoc creator/import/gnu/arm/4.9.3/bin/../lib/gcc/arm-none-eabi/4.9.3/armv7-m/crtbegin.o
 .eh_frame      0x00001278        0x4 c:/program files (x86)/cypress/psoc creator/4.0/psoc creator/import/gnu/arm/4.9.3/bin/../lib/gcc/arm-none-eabi/4.9.3/armv7-m/crtend.o
                0x0000127c                PROVIDE (__exidx_start, .)

.ARM.exidx
 *(.ARM.exidx* .gnu.linkonce.armexidx.*)
                0x0000127c                __exidx_end = .

.rodata         0x0000127c      0x134
 *(.rodata .rodata.* .gnu.linkonce.r.*)
 .rodata.str1.4
                0x0000127c       0x1b .\CortexM3\ARM_GCC_493\Debug\main.o
                                 0x1c (size before relaxing)
 *fill*         0x00001297        0x1 
 .rodata        0x00001298        0x4 .\CortexM3\ARM_GCC_493\Debug\blue.o
 .rodata.str1.4
                0x0000129c       0xa4 .\CortexM3\ARM_GCC_493\Debug\blue.o
 .rodata        0x00001340       0x38 .\CortexM3\ARM_GCC_493\Debug\BalancingCube.a(cyfitter_cfg.o)
 .rodata.str1.1
                0x00001378        0x2 c:/program files (x86)/cypress/psoc creator/4.0/psoc creator/import/gnu/arm/4.9.3/bin/../lib/gcc/arm-none-eabi/4.9.3/../../../../arm-none-eabi/lib/armv7-m\libg_nano.a(lib_a-impure.o)
                0x0000137c                . = ALIGN (0x4)
 *fill*         0x0000137a        0x2 
 *(.init)
 .init          0x0000137c        0x4 c:/program files (x86)/cypress/psoc creator/4.0/psoc creator/import/gnu/arm/4.9.3/bin/../lib/gcc/arm-none-eabi/4.9.3/armv7-m/crti.o
                0x0000137c                _init
 .init          0x00001380        0x8 c:/program files (x86)/cypress/psoc creator/4.0/psoc creator/import/gnu/arm/4.9.3/bin/../lib/gcc/arm-none-eabi/4.9.3/armv7-m/crtn.o
                0x00001388                . = ALIGN (0x4)
                0x00001388                __preinit_array_start = .
 *(.preinit_array)
                0x00001388                __preinit_array_end = .
                0x00001388                . = ALIGN (0x4)
                0x00001388                __init_array_start = .
 *(SORT(.init_array.*))
 *(.init_array)
 .init_array    0x00001388        0x4 c:/program files (x86)/cypress/psoc creator/4.0/psoc creator/import/gnu/arm/4.9.3/bin/../lib/gcc/arm-none-eabi/4.9.3/armv7-m/crtbegin.o
 .init_array    0x0000138c        0x4 .\CortexM3\ARM_GCC_493\Debug\Cm3Start.o
                0x00001390                __init_array_end = .
                0x00001390                . = ALIGN (0x4)
 *(.fini)
 .fini          0x00001390        0x4 c:/program files (x86)/cypress/psoc creator/4.0/psoc creator/import/gnu/arm/4.9.3/bin/../lib/gcc/arm-none-eabi/4.9.3/armv7-m/crti.o
                0x00001390                _fini
 .fini          0x00001394        0x8 c:/program files (x86)/cypress/psoc creator/4.0/psoc creator/import/gnu/arm/4.9.3/bin/../lib/gcc/arm-none-eabi/4.9.3/armv7-m/crtn.o
                0x0000139c                . = ALIGN (0x4)
                0x0000139c                __fini_array_start = .
 *(.fini_array)
 .fini_array    0x0000139c        0x4 c:/program files (x86)/cypress/psoc creator/4.0/psoc creator/import/gnu/arm/4.9.3/bin/../lib/gcc/arm-none-eabi/4.9.3/armv7-m/crtbegin.o
 *(SORT(.fini_array.*))
                0x000013a0                __fini_array_end = .
                0x000013a0                . = ALIGN (0x4)
 *crtbegin.o(.ctors)
 *(EXCLUDE_FILE(*crtend.o) .ctors)
 *(SORT(.ctors.*))
 *crtend.o(.ctors)
                0x000013a0                . = ALIGN (0x4)
 *crtbegin.o(.dtors)
 *(EXCLUDE_FILE(*crtend.o) .dtors)
 *(SORT(.dtors.*))
 *crtend.o(.dtors)
                0x000013a0                . = ALIGN (0x4)
                0x000013a0                __cy_regions = .
                0x000013a0        0x4 LONG 0x13b0 __cy_region_init_ram
                0x000013a4        0x4 LONG 0x1fff8108 __cy_region_start_data
                0x000013a8        0x4 LONG 0xe8 __cy_region_init_size_ram
                0x000013ac        0x4 LONG 0x80 __cy_region_zero_size_ram
                0x000013b0                __cy_regions_end = .
                0x000013b0                . = ALIGN (0x8)
                0x000013b0                _etext = .

.cy_checksum_exclude
                0x000013b0        0x0
 *(.cy_checksum_exclude)

.ramvectors     0x1fff8000      0x100
                0x1fff8000                __cy_region_start_ram = .
 *(.ramvectors)
 .ramvectors    0x1fff8000      0x100 .\CortexM3\ARM_GCC_493\Debug\Cm3Start.o
                0x1fff8000                CyRamVectors

.noinit         0x1fff8100        0x5
 *(.noinit)
 .noinit        0x1fff8100        0x4 .\CortexM3\ARM_GCC_493\Debug\Cm3Start.o
 .noinit        0x1fff8104        0x1 .\CortexM3\ARM_GCC_493\Debug\BalancingCube.a(CyLib.o)
                0x1fff8104                CyResetStatus

.data           0x1fff8108       0xe8 load address 0x000013b0
                0x1fff8108                __cy_region_start_data = .
 *(.jcr)
 .jcr           0x1fff8108        0x0 c:/program files (x86)/cypress/psoc creator/4.0/psoc creator/import/gnu/arm/4.9.3/bin/../lib/gcc/arm-none-eabi/4.9.3/armv7-m/crtbegin.o
 .jcr           0x1fff8108        0x4 c:/program files (x86)/cypress/psoc creator/4.0/psoc creator/import/gnu/arm/4.9.3/bin/../lib/gcc/arm-none-eabi/4.9.3/armv7-m/crtend.o
 *(.got.plt)
 *(.got)
 *(.shdata)
 *(.data .data.* .gnu.linkonce.d.*)
 .data          0x1fff810c       0x18 .\CortexM3\ARM_GCC_493\Debug\main.o
                0x1fff810c                blueBuff_timeout
                0x1fff810d                baud
                0x1fff810e                PWM_PERIOD
                0x1fff8110                MOTOR_STOP
                0x1fff8112                SERVO_N90
                0x1fff8114                SERVO_ZERO
                0x1fff8118                updateBlue_STR
                0x1fff811c                SERVO_P90
                0x1fff811e                MOTOR_FULL_FORWARD
                0x1fff8120                MOTOR_FULL_REVERSE
 .data          0x1fff8124       0x58 .\CortexM3\ARM_GCC_493\Debug\blue.o
                0x1fff8124                at
                0x1fff8128                ok
                0x1fff812c                AT_Command
                0x1fff814c                Baudrate
                0x1fff816c                Divider
 .data          0x1fff817c       0x10 .\CortexM3\ARM_GCC_493\Debug\BalancingCube.a(CyLib.o)
                0x1fff817c                cydelay_32k_ms
                0x1fff8180                cydelay_freq_khz
                0x1fff8184                cydelay_freq_mhz
                0x1fff8188                cydelay_freq_hz
 .data.impure_data
                0x1fff818c       0x60 c:/program files (x86)/cypress/psoc creator/4.0/psoc creator/import/gnu/arm/4.9.3/bin/../lib/gcc/arm-none-eabi/4.9.3/../../../../arm-none-eabi/lib/armv7-m\libg_nano.a(lib_a-impure.o)
 .data._impure_ptr
                0x1fff81ec        0x4 c:/program files (x86)/cypress/psoc creator/4.0/psoc creator/import/gnu/arm/4.9.3/bin/../lib/gcc/arm-none-eabi/4.9.3/../../../../arm-none-eabi/lib/armv7-m\libg_nano.a(lib_a-impure.o)
                0x1fff81ec                _impure_ptr
                0x1fff81f0                . = ALIGN (0x8)
 *(.ram)
                0x1fff81f0                _edata = .

.igot.plt       0x1fff81f0        0x0 load address 0x00001498
 .igot.plt      0x00000000        0x0 c:/program files (x86)/cypress/psoc creator/4.0/psoc creator/import/gnu/arm/4.9.3/bin/../lib/gcc/arm-none-eabi/4.9.3/armv7-m/crtbegin.o

.bss            0x1fff81f0       0x80 load address 0x00001498
                0x1fff81f0                PROVIDE (__bss_start__, .)
 *(.shbss)
 *(.bss .bss.* .gnu.linkonce.b.*)
 .bss           0x1fff81f0       0x1c c:/program files (x86)/cypress/psoc creator/4.0/psoc creator/import/gnu/arm/4.9.3/bin/../lib/gcc/arm-none-eabi/4.9.3/armv7-m/crtbegin.o
 .bss           0x1fff820c        0x4 .\CortexM3\ARM_GCC_493\Debug\main.o
                0x1fff820c                PWM_ZERO
                0x1fff820e                errorStatus
 .bss           0x1fff8210        0x1 .\CortexM3\ARM_GCC_493\Debug\BalancingCube.a(I2CM.o)
                0x1fff8210                I2CM_initVar
 .bss           0x1fff8211        0x1 .\CortexM3\ARM_GCC_493\Debug\BalancingCube.a(fw1_PWM.o)
                0x1fff8211                fw1_PWM_initVar
 .bss           0x1fff8212        0x1 .\CortexM3\ARM_GCC_493\Debug\BalancingCube.a(fw3_PWM.o)
                0x1fff8212                fw3_PWM_initVar
 .bss           0x1fff8213        0x1 .\CortexM3\ARM_GCC_493\Debug\BalancingCube.a(fw2_PWM.o)
                0x1fff8213                fw2_PWM_initVar
 .bss           0x1fff8214        0x2 .\CortexM3\ARM_GCC_493\Debug\BalancingCube.a(UART.o)
                0x1fff8214                UART_initVar
 *(COMMON)
 *fill*         0x1fff8216        0x2 
 COMMON         0x1fff8218       0x42 .\CortexM3\ARM_GCC_493\Debug\main.o
                0x1fff8218                dz
                0x1fff821a                jz
                0x1fff821c                s_pwmz
                0x1fff821e                jx
                0x1fff8220                s_pwmx
                0x1fff8222                gy
                0x1fff8224                az
                0x1fff8226                ax
                0x1fff8228                rpmx
                0x1fff822a                m_pwmz
                0x1fff822c                dx
                0x1fff822e                s_pwmy
                0x1fff8230                rpmy
                0x1fff8234                buffer
                0x1fff824a                m_pwmy
                0x1fff824c                dy
                0x1fff824e                gz
                0x1fff8250                devAddr
                0x1fff8251                jy
                0x1fff8252                rpmz
                0x1fff8254                gx
                0x1fff8256                ay
                0x1fff8258                m_pwmx
 COMMON         0x1fff825a        0x1 .\CortexM3\ARM_GCC_493\Debug\BalancingCube.a(I2CM.o)
                0x1fff825a                I2CM_state
 *fill*         0x1fff825b        0x1 
 COMMON         0x1fff825c        0xe .\CortexM3\ARM_GCC_493\Debug\BalancingCube.a(I2CM_MASTER.o)
                0x1fff825c                I2CM_mstrRdBufPtr
                0x1fff8260                I2CM_mstrWrBufPtr
                0x1fff8264                I2CM_mstrRdBufIndex
                0x1fff8265                I2CM_mstrStatus
                0x1fff8266                I2CM_mstrWrBufIndex
                0x1fff8267                I2CM_mstrControl
                0x1fff8268                I2CM_mstrRdBufSize
                0x1fff8269                I2CM_mstrWrBufSize
                0x1fff8270                . = ALIGN (0x8)
 *fill*         0x1fff826a        0x6 
 *(.ram.b)
                0x1fff8270                _end = .
                0x1fff8270                __end = .
                0x1fff8270                PROVIDE (end, .)
                0x1fff8270                PROVIDE (__bss_end__, .)
                0x000013b0                __cy_region_init_ram = LOADADDR (.data)
                0x000000e8                __cy_region_init_size_ram = (_edata - ADDR (.data))
                0x00000080                __cy_region_zero_size_ram = (_end - _edata)

.heap           0x1fff8270       0x80 load address 0x00001498
                0x1fff8270                . = _end
                0x1fff82f0                . = (. + 0x80)
 *fill*         0x1fff8270       0x80 
                0x1fff82f0                __cy_heap_limit = .

.stack          0x20007800      0x800
                0x20007800                __cy_stack_limit = .
                0x20008000                . = (. + 0x800)
 *fill*         0x20007800      0x800 
                0x00000001                ASSERT ((__cy_stack_limit >= __cy_heap_limit), region RAM overflowed with stack)
                0x00000000                cy_checksum_exclude_size = (CY_APPL_LOADABLE == 0x1)?SIZEOF (.cy_checksum_exclude):0x0
                0x00000001                ASSERT ((cy_checksum_exclude_size <= CY_CHECKSUM_EXCLUDE_SIZE), CY_BOOT: Section .cy_checksum_exclude size exceedes specified limit.)

.cyloadermeta
 *(.cyloadermeta)

.cyloadablemeta
 *(.cyloadablemeta)

.cyconfigecc    0x80000000      0x67c
 *(.cyconfigecc)
 .cyconfigecc   0x80000000      0x67c .\CortexM3\ARM_GCC_493\Debug\cymetadata.o
                0x80000000                cy_meta_configecc

.cycustnvl      0x90000000        0x4
 *(.cycustnvl)
 .cycustnvl     0x90000000        0x4 .\CortexM3\ARM_GCC_493\Debug\cymetadata.o
                0x90000000                cy_meta_custnvl

.cywolatch      0x90100000        0x4
 *(.cywolatch)
 .cywolatch     0x90100000        0x4 .\CortexM3\ARM_GCC_493\Debug\cymetadata.o
                0x90100000                cy_meta_wonvl

.cyeeprom       0x90200000        0x0
 *(.cyeeprom)
                0x00000001                ASSERT ((. <= ((0x90200000 + ee_offset) + ee_size)), .cyeeprom data will not fit in EEPROM)

.cyflashprotect
                0x90400000      0x100
 *(.cyflashprotect)
 .cyflashprotect
                0x90400000      0x100 .\CortexM3\ARM_GCC_493\Debug\cymetadata.o
                0x90400000                cy_meta_flashprotect

.cymeta         0x90500000        0xc
 *(.cymeta)
 .cymeta        0x90500000        0xc .\CortexM3\ARM_GCC_493\Debug\cymetadata.o
                0x90500000                cy_metadata

.rel.dyn        0x00001498        0x0 load address 0x9050000c
 .rel.iplt      0x00000000        0x0 c:/program files (x86)/cypress/psoc creator/4.0/psoc creator/import/gnu/arm/4.9.3/bin/../lib/gcc/arm-none-eabi/4.9.3/armv7-m/crtbegin.o

.stab
 *(.stab)

.stabstr
 *(.stabstr)

.debug
 *(.debug)

.line
 *(.line)

.debug_srcinfo
 *(.debug_srcinfo)

.debug_sfnames
 *(.debug_sfnames)

.debug_aranges  0x00000000     0x1600
 *(.debug_aranges)
 .debug_aranges
                0x00000000       0x40 .\CortexM3\ARM_GCC_493\Debug\main.o
 .debug_aranges
                0x00000040      0x838 .\CortexM3\ARM_GCC_493\Debug\MPU6050.o
 .debug_aranges
                0x00000878       0x68 .\CortexM3\ARM_GCC_493\Debug\I2C.o
 .debug_aranges
                0x000008e0       0x30 .\CortexM3\ARM_GCC_493\Debug\blue.o
 .debug_aranges
                0x00000910       0x18 .\CortexM3\ARM_GCC_493\Debug\cymetadata.o
 .debug_aranges
                0x00000928       0x48 .\CortexM3\ARM_GCC_493\Debug\Cm3Start.o
 .debug_aranges
                0x00000970       0x58 .\CortexM3\ARM_GCC_493\Debug\BalancingCube.a(cyfitter_cfg.o)
 .debug_aranges
                0x000009c8      0x2a0 .\CortexM3\ARM_GCC_493\Debug\BalancingCube.a(CyLib.o)
 .debug_aranges
                0x00000c68       0x98 .\CortexM3\ARM_GCC_493\Debug\BalancingCube.a(cyPm.o)
 .debug_aranges
                0x00000d00       0x38 .\CortexM3\ARM_GCC_493\Debug\BalancingCube.a(I2CM.o)
 .debug_aranges
                0x00000d38       0x20 .\CortexM3\ARM_GCC_493\Debug\BalancingCube.a(I2CM_INT.o)
 .debug_aranges
                0x00000d58       0x38 .\CortexM3\ARM_GCC_493\Debug\BalancingCube.a(I2CM_PM.o)
 .debug_aranges
                0x00000d90       0x80 .\CortexM3\ARM_GCC_493\Debug\BalancingCube.a(I2CM_MASTER.o)
 .debug_aranges
                0x00000e10       0x70 .\CortexM3\ARM_GCC_493\Debug\BalancingCube.a(flywheel_clock.o)
 .debug_aranges
                0x00000e80       0x80 .\CortexM3\ARM_GCC_493\Debug\BalancingCube.a(accelUP_ISR.o)
 .debug_aranges
                0x00000f00       0x90 .\CortexM3\ARM_GCC_493\Debug\BalancingCube.a(fw1_PWM.o)
 .debug_aranges
                0x00000f90       0x90 .\CortexM3\ARM_GCC_493\Debug\BalancingCube.a(fw3_PWM.o)
 .debug_aranges
                0x00001020       0x90 .\CortexM3\ARM_GCC_493\Debug\BalancingCube.a(fw2_PWM.o)
 .debug_aranges
                0x000010b0       0xf0 .\CortexM3\ARM_GCC_493\Debug\BalancingCube.a(UART.o)
 .debug_aranges
                0x000011a0       0x70 .\CortexM3\ARM_GCC_493\Debug\BalancingCube.a(UART_IntClock.o)
 .debug_aranges
                0x00001210       0x80 .\CortexM3\ARM_GCC_493\Debug\BalancingCube.a(blueRX_ISR.o)
 .debug_aranges
                0x00001290       0x80 .\CortexM3\ARM_GCC_493\Debug\BalancingCube.a(fw3_RPM_ISR.o)
 .debug_aranges
                0x00001310       0x80 .\CortexM3\ARM_GCC_493\Debug\BalancingCube.a(fw2_RPM_ISR.o)
 .debug_aranges
                0x00001390       0x80 .\CortexM3\ARM_GCC_493\Debug\BalancingCube.a(fw1_RPM_ISR.o)
 .debug_aranges
                0x00001410       0x48 .\CortexM3\ARM_GCC_493\Debug\BalancingCube.a(fw2_RPM_ISRPin.o)
 .debug_aranges
                0x00001458       0x48 .\CortexM3\ARM_GCC_493\Debug\BalancingCube.a(fw3_RPM_ISRPin.o)
 .debug_aranges
                0x000014a0       0x48 .\CortexM3\ARM_GCC_493\Debug\BalancingCube.a(fw1_RPM_ISRPin.o)
 .debug_aranges
                0x000014e8       0x20 .\CortexM3\ARM_GCC_493\Debug\BalancingCube.a(CyBootAsmGnu.o)
 .debug_aranges
                0x00001508       0x80 .\CortexM3\ARM_GCC_493\Debug\BalancingCube.a(CyFlash.o)
 .debug_aranges
                0x00001588       0x78 .\CortexM3\ARM_GCC_493\Debug\BalancingCube.a(CySpc.o)

.debug_pubnames
 *(.debug_pubnames)

.debug_info     0x00000000     0xba4c
 *(.debug_info .gnu.linkonce.wi.*)
 .debug_info    0x00000000      0xa5b .\CortexM3\ARM_GCC_493\Debug\main.o
 .debug_info    0x00000a5b     0x4003 .\CortexM3\ARM_GCC_493\Debug\MPU6050.o
 .debug_info    0x00004a5e      0x6ac .\CortexM3\ARM_GCC_493\Debug\I2C.o
 .debug_info    0x0000510a      0x47e .\CortexM3\ARM_GCC_493\Debug\blue.o
 .debug_info    0x00005588      0x13e .\CortexM3\ARM_GCC_493\Debug\cymetadata.o
 .debug_info    0x000056c6      0x3b3 .\CortexM3\ARM_GCC_493\Debug\Cm3Start.o
 .debug_info    0x00005a79      0x60d .\CortexM3\ARM_GCC_493\Debug\BalancingCube.a(cyfitter_cfg.o)
 .debug_info    0x00006086     0x1385 .\CortexM3\ARM_GCC_493\Debug\BalancingCube.a(CyLib.o)
 .debug_info    0x0000740b      0xa57 .\CortexM3\ARM_GCC_493\Debug\BalancingCube.a(cyPm.o)
 .debug_info    0x00007e62      0x2db .\CortexM3\ARM_GCC_493\Debug\BalancingCube.a(I2CM.o)
 .debug_info    0x0000813d      0x17f .\CortexM3\ARM_GCC_493\Debug\BalancingCube.a(I2CM_INT.o)
 .debug_info    0x000082bc      0x1fe .\CortexM3\ARM_GCC_493\Debug\BalancingCube.a(I2CM_PM.o)
 .debug_info    0x000084ba      0x400 .\CortexM3\ARM_GCC_493\Debug\BalancingCube.a(I2CM_MASTER.o)
 .debug_info    0x000088ba      0x283 .\CortexM3\ARM_GCC_493\Debug\BalancingCube.a(flywheel_clock.o)
 .debug_info    0x00008b3d      0x2cb .\CortexM3\ARM_GCC_493\Debug\BalancingCube.a(accelUP_ISR.o)
 .debug_info    0x00008e08      0x2de .\CortexM3\ARM_GCC_493\Debug\BalancingCube.a(fw1_PWM.o)
 .debug_info    0x000090e6      0x2de .\CortexM3\ARM_GCC_493\Debug\BalancingCube.a(fw3_PWM.o)
 .debug_info    0x000093c4      0x2de .\CortexM3\ARM_GCC_493\Debug\BalancingCube.a(fw2_PWM.o)
 .debug_info    0x000096a2      0x603 .\CortexM3\ARM_GCC_493\Debug\BalancingCube.a(UART.o)
 .debug_info    0x00009ca5      0x283 .\CortexM3\ARM_GCC_493\Debug\BalancingCube.a(UART_IntClock.o)
 .debug_info    0x00009f28      0x2cb .\CortexM3\ARM_GCC_493\Debug\BalancingCube.a(blueRX_ISR.o)
 .debug_info    0x0000a1f3      0x2cb .\CortexM3\ARM_GCC_493\Debug\BalancingCube.a(fw3_RPM_ISR.o)
 .debug_info    0x0000a4be      0x2cb .\CortexM3\ARM_GCC_493\Debug\BalancingCube.a(fw2_RPM_ISR.o)
 .debug_info    0x0000a789      0x2cb .\CortexM3\ARM_GCC_493\Debug\BalancingCube.a(fw1_RPM_ISR.o)
 .debug_info    0x0000aa54      0x172 .\CortexM3\ARM_GCC_493\Debug\BalancingCube.a(fw2_RPM_ISRPin.o)
 .debug_info    0x0000abc6      0x172 .\CortexM3\ARM_GCC_493\Debug\BalancingCube.a(fw3_RPM_ISRPin.o)
 .debug_info    0x0000ad38      0x172 .\CortexM3\ARM_GCC_493\Debug\BalancingCube.a(fw1_RPM_ISRPin.o)
 .debug_info    0x0000aeaa       0xb0 .\CortexM3\ARM_GCC_493\Debug\BalancingCube.a(CyBootAsmGnu.o)
 .debug_info    0x0000af5a      0x608 .\CortexM3\ARM_GCC_493\Debug\BalancingCube.a(CyFlash.o)
 .debug_info    0x0000b562      0x4ea .\CortexM3\ARM_GCC_493\Debug\BalancingCube.a(CySpc.o)

.debug_abbrev   0x00000000     0x289c
 *(.debug_abbrev)
 .debug_abbrev  0x00000000      0x1d1 .\CortexM3\ARM_GCC_493\Debug\main.o
 .debug_abbrev  0x000001d1      0x1e1 .\CortexM3\ARM_GCC_493\Debug\MPU6050.o
 .debug_abbrev  0x000003b2      0x128 .\CortexM3\ARM_GCC_493\Debug\I2C.o
 .debug_abbrev  0x000004da      0x1c6 .\CortexM3\ARM_GCC_493\Debug\blue.o
 .debug_abbrev  0x000006a0       0x77 .\CortexM3\ARM_GCC_493\Debug\cymetadata.o
 .debug_abbrev  0x00000717      0x1f7 .\CortexM3\ARM_GCC_493\Debug\Cm3Start.o
 .debug_abbrev  0x0000090e      0x212 .\CortexM3\ARM_GCC_493\Debug\BalancingCube.a(cyfitter_cfg.o)
 .debug_abbrev  0x00000b20      0x296 .\CortexM3\ARM_GCC_493\Debug\BalancingCube.a(CyLib.o)
 .debug_abbrev  0x00000db6      0x1ed .\CortexM3\ARM_GCC_493\Debug\BalancingCube.a(cyPm.o)
 .debug_abbrev  0x00000fa3      0x15c .\CortexM3\ARM_GCC_493\Debug\BalancingCube.a(I2CM.o)
 .debug_abbrev  0x000010ff       0xbd .\CortexM3\ARM_GCC_493\Debug\BalancingCube.a(I2CM_INT.o)
 .debug_abbrev  0x000011bc      0x12b .\CortexM3\ARM_GCC_493\Debug\BalancingCube.a(I2CM_PM.o)
 .debug_abbrev  0x000012e7      0x13c .\CortexM3\ARM_GCC_493\Debug\BalancingCube.a(I2CM_MASTER.o)
 .debug_abbrev  0x00001423      0x139 .\CortexM3\ARM_GCC_493\Debug\BalancingCube.a(flywheel_clock.o)
 .debug_abbrev  0x0000155c      0x173 .\CortexM3\ARM_GCC_493\Debug\BalancingCube.a(accelUP_ISR.o)
 .debug_abbrev  0x000016cf      0x12d .\CortexM3\ARM_GCC_493\Debug\BalancingCube.a(fw1_PWM.o)
 .debug_abbrev  0x000017fc      0x12d .\CortexM3\ARM_GCC_493\Debug\BalancingCube.a(fw3_PWM.o)
 .debug_abbrev  0x00001929      0x12d .\CortexM3\ARM_GCC_493\Debug\BalancingCube.a(fw2_PWM.o)
 .debug_abbrev  0x00001a56      0x1a2 .\CortexM3\ARM_GCC_493\Debug\BalancingCube.a(UART.o)
 .debug_abbrev  0x00001bf8      0x139 .\CortexM3\ARM_GCC_493\Debug\BalancingCube.a(UART_IntClock.o)
 .debug_abbrev  0x00001d31      0x173 .\CortexM3\ARM_GCC_493\Debug\BalancingCube.a(blueRX_ISR.o)
 .debug_abbrev  0x00001ea4      0x173 .\CortexM3\ARM_GCC_493\Debug\BalancingCube.a(fw3_RPM_ISR.o)
 .debug_abbrev  0x00002017      0x173 .\CortexM3\ARM_GCC_493\Debug\BalancingCube.a(fw2_RPM_ISR.o)
 .debug_abbrev  0x0000218a      0x173 .\CortexM3\ARM_GCC_493\Debug\BalancingCube.a(fw1_RPM_ISR.o)
 .debug_abbrev  0x000022fd       0x9f .\CortexM3\ARM_GCC_493\Debug\BalancingCube.a(fw2_RPM_ISRPin.o)
 .debug_abbrev  0x0000239c       0x9f .\CortexM3\ARM_GCC_493\Debug\BalancingCube.a(fw3_RPM_ISRPin.o)
 .debug_abbrev  0x0000243b       0x9f .\CortexM3\ARM_GCC_493\Debug\BalancingCube.a(fw1_RPM_ISRPin.o)
 .debug_abbrev  0x000024da       0x14 .\CortexM3\ARM_GCC_493\Debug\BalancingCube.a(CyBootAsmGnu.o)
 .debug_abbrev  0x000024ee      0x1ed .\CortexM3\ARM_GCC_493\Debug\BalancingCube.a(CyFlash.o)
 .debug_abbrev  0x000026db      0x1c1 .\CortexM3\ARM_GCC_493\Debug\BalancingCube.a(CySpc.o)

.debug_line     0x00000000     0x4796
 *(.debug_line)
 .debug_line    0x00000000      0x37a .\CortexM3\ARM_GCC_493\Debug\main.o
 .debug_line    0x0000037a     0x13fe .\CortexM3\ARM_GCC_493\Debug\MPU6050.o
 .debug_line    0x00001778      0x243 .\CortexM3\ARM_GCC_493\Debug\I2C.o
 .debug_line    0x000019bb      0x256 .\CortexM3\ARM_GCC_493\Debug\blue.o
 .debug_line    0x00001c11       0x51 .\CortexM3\ARM_GCC_493\Debug\cymetadata.o
 .debug_line    0x00001c62      0x24f .\CortexM3\ARM_GCC_493\Debug\Cm3Start.o
 .debug_line    0x00001eb1      0x1ff .\CortexM3\ARM_GCC_493\Debug\BalancingCube.a(cyfitter_cfg.o)
 .debug_line    0x000020b0      0x816 .\CortexM3\ARM_GCC_493\Debug\BalancingCube.a(CyLib.o)
 .debug_line    0x000028c6      0x364 .\CortexM3\ARM_GCC_493\Debug\BalancingCube.a(cyPm.o)
 .debug_line    0x00002c2a       0xdc .\CortexM3\ARM_GCC_493\Debug\BalancingCube.a(I2CM.o)
 .debug_line    0x00002d06      0x116 .\CortexM3\ARM_GCC_493\Debug\BalancingCube.a(I2CM_INT.o)
 .debug_line    0x00002e1c       0xbd .\CortexM3\ARM_GCC_493\Debug\BalancingCube.a(I2CM_PM.o)
 .debug_line    0x00002ed9      0x1ff .\CortexM3\ARM_GCC_493\Debug\BalancingCube.a(I2CM_MASTER.o)
 .debug_line    0x000030d8      0x17d .\CortexM3\ARM_GCC_493\Debug\BalancingCube.a(flywheel_clock.o)
 .debug_line    0x00003255      0x138 .\CortexM3\ARM_GCC_493\Debug\BalancingCube.a(accelUP_ISR.o)
 .debug_line    0x0000338d      0x163 .\CortexM3\ARM_GCC_493\Debug\BalancingCube.a(fw1_PWM.o)
 .debug_line    0x000034f0      0x163 .\CortexM3\ARM_GCC_493\Debug\BalancingCube.a(fw3_PWM.o)
 .debug_line    0x00003653      0x163 .\CortexM3\ARM_GCC_493\Debug\BalancingCube.a(fw2_PWM.o)
 .debug_line    0x000037b6      0x2bc .\CortexM3\ARM_GCC_493\Debug\BalancingCube.a(UART.o)
 .debug_line    0x00003a72      0x17c .\CortexM3\ARM_GCC_493\Debug\BalancingCube.a(UART_IntClock.o)
 .debug_line    0x00003bee      0x137 .\CortexM3\ARM_GCC_493\Debug\BalancingCube.a(blueRX_ISR.o)
 .debug_line    0x00003d25      0x138 .\CortexM3\ARM_GCC_493\Debug\BalancingCube.a(fw3_RPM_ISR.o)
 .debug_line    0x00003e5d      0x138 .\CortexM3\ARM_GCC_493\Debug\BalancingCube.a(fw2_RPM_ISR.o)
 .debug_line    0x00003f95      0x138 .\CortexM3\ARM_GCC_493\Debug\BalancingCube.a(fw1_RPM_ISR.o)
 .debug_line    0x000040cd       0xbf .\CortexM3\ARM_GCC_493\Debug\BalancingCube.a(fw2_RPM_ISRPin.o)
 .debug_line    0x0000418c       0xbf .\CortexM3\ARM_GCC_493\Debug\BalancingCube.a(fw3_RPM_ISRPin.o)
 .debug_line    0x0000424b       0xbf .\CortexM3\ARM_GCC_493\Debug\BalancingCube.a(fw1_RPM_ISRPin.o)
 .debug_line    0x0000430a       0x66 .\CortexM3\ARM_GCC_493\Debug\BalancingCube.a(CyBootAsmGnu.o)
 .debug_line    0x00004370      0x1ea .\CortexM3\ARM_GCC_493\Debug\BalancingCube.a(CyFlash.o)
 .debug_line    0x0000455a      0x23c .\CortexM3\ARM_GCC_493\Debug\BalancingCube.a(CySpc.o)

.debug_frame    0x00000000     0x3e9c
 *(.debug_frame)
 .debug_frame   0x00000000       0xa0 .\CortexM3\ARM_GCC_493\Debug\main.o
 .debug_frame   0x000000a0     0x1d54 .\CortexM3\ARM_GCC_493\Debug\MPU6050.o
 .debug_frame   0x00001df4      0x170 .\CortexM3\ARM_GCC_493\Debug\I2C.o
 .debug_frame   0x00001f64       0x84 .\CortexM3\ARM_GCC_493\Debug\blue.o
 .debug_frame   0x00001fe8       0xb8 .\CortexM3\ARM_GCC_493\Debug\Cm3Start.o
 .debug_frame   0x000020a0       0xe4 .\CortexM3\ARM_GCC_493\Debug\BalancingCube.a(cyfitter_cfg.o)
 .debug_frame   0x00002184      0x738 .\CortexM3\ARM_GCC_493\Debug\BalancingCube.a(CyLib.o)
 .debug_frame   0x000028bc      0x1f8 .\CortexM3\ARM_GCC_493\Debug\BalancingCube.a(cyPm.o)
 .debug_frame   0x00002ab4       0x94 .\CortexM3\ARM_GCC_493\Debug\BalancingCube.a(I2CM.o)
 .debug_frame   0x00002b48       0x30 .\CortexM3\ARM_GCC_493\Debug\BalancingCube.a(I2CM_INT.o)
 .debug_frame   0x00002b78       0x74 .\CortexM3\ARM_GCC_493\Debug\BalancingCube.a(I2CM_PM.o)
 .debug_frame   0x00002bec      0x138 .\CortexM3\ARM_GCC_493\Debug\BalancingCube.a(I2CM_MASTER.o)
 .debug_frame   0x00002d24       0xe0 .\CortexM3\ARM_GCC_493\Debug\BalancingCube.a(flywheel_clock.o)
 .debug_frame   0x00002e04      0x104 .\CortexM3\ARM_GCC_493\Debug\BalancingCube.a(accelUP_ISR.o)
 .debug_frame   0x00002f08      0x118 .\CortexM3\ARM_GCC_493\Debug\BalancingCube.a(fw1_PWM.o)
 .debug_frame   0x00003020      0x118 .\CortexM3\ARM_GCC_493\Debug\BalancingCube.a(fw3_PWM.o)
 .debug_frame   0x00003138      0x118 .\CortexM3\ARM_GCC_493\Debug\BalancingCube.a(fw2_PWM.o)
 .debug_frame   0x00003250      0x250 .\CortexM3\ARM_GCC_493\Debug\BalancingCube.a(UART.o)
 .debug_frame   0x000034a0       0xe0 .\CortexM3\ARM_GCC_493\Debug\BalancingCube.a(UART_IntClock.o)
 .debug_frame   0x00003580      0x104 .\CortexM3\ARM_GCC_493\Debug\BalancingCube.a(blueRX_ISR.o)
 .debug_frame   0x00003684      0x104 .\CortexM3\ARM_GCC_493\Debug\BalancingCube.a(fw3_RPM_ISR.o)
 .debug_frame   0x00003788      0x104 .\CortexM3\ARM_GCC_493\Debug\BalancingCube.a(fw2_RPM_ISR.o)
 .debug_frame   0x0000388c      0x104 .\CortexM3\ARM_GCC_493\Debug\BalancingCube.a(fw1_RPM_ISR.o)
 .debug_frame   0x00003990       0x70 .\CortexM3\ARM_GCC_493\Debug\BalancingCube.a(fw2_RPM_ISRPin.o)
 .debug_frame   0x00003a00       0x70 .\CortexM3\ARM_GCC_493\Debug\BalancingCube.a(fw3_RPM_ISRPin.o)
 .debug_frame   0x00003a70       0x70 .\CortexM3\ARM_GCC_493\Debug\BalancingCube.a(fw1_RPM_ISRPin.o)
 .debug_frame   0x00003ae0      0x174 .\CortexM3\ARM_GCC_493\Debug\BalancingCube.a(CyFlash.o)
 .debug_frame   0x00003c54      0x160 .\CortexM3\ARM_GCC_493\Debug\BalancingCube.a(CySpc.o)
 .debug_frame   0x00003db4       0x20 c:/program files (x86)/cypress/psoc creator/4.0/psoc creator/import/gnu/arm/4.9.3/bin/../lib/gcc/arm-none-eabi/4.9.3/../../../../arm-none-eabi/lib/armv7-m\libg_nano.a(lib_a-errno.o)
 .debug_frame   0x00003dd4       0x28 c:/program files (x86)/cypress/psoc creator/4.0/psoc creator/import/gnu/arm/4.9.3/bin/../lib/gcc/arm-none-eabi/4.9.3/../../../../arm-none-eabi/lib/armv7-m\libg_nano.a(lib_a-exit.o)
 .debug_frame   0x00003dfc       0x2c c:/program files (x86)/cypress/psoc creator/4.0/psoc creator/import/gnu/arm/4.9.3/bin/../lib/gcc/arm-none-eabi/4.9.3/../../../../arm-none-eabi/lib/armv7-m\libg_nano.a(lib_a-init.o)
 .debug_frame   0x00003e28       0x28 c:/program files (x86)/cypress/psoc creator/4.0/psoc creator/import/gnu/arm/4.9.3/bin/../lib/gcc/arm-none-eabi/4.9.3/../../../../arm-none-eabi/lib/armv7-m\libg_nano.a(lib_a-memcpy.o)
 .debug_frame   0x00003e50       0x20 c:/program files (x86)/cypress/psoc creator/4.0/psoc creator/import/gnu/arm/4.9.3/bin/../lib/gcc/arm-none-eabi/4.9.3/../../../../arm-none-eabi/lib/armv7-m\libg_nano.a(lib_a-memset.o)
 .debug_frame   0x00003e70       0x2c c:/program files (x86)/cypress/psoc creator/4.0/psoc creator/import/gnu/arm/4.9.3/bin/../lib/gcc/arm-none-eabi/4.9.3/../../../../arm-none-eabi/lib/armv7-m\libg_nano.a(lib_a-strncmp.o)

.debug_str      0x00000000     0x474f
 *(.debug_str)
 .debug_str     0x00000000      0x5d1 .\CortexM3\ARM_GCC_493\Debug\main.o
                                0x642 (size before relaxing)
 .debug_str     0x000005d1     0x1d1a .\CortexM3\ARM_GCC_493\Debug\MPU6050.o
                               0x1f19 (size before relaxing)
 .debug_str     0x000022eb       0xae .\CortexM3\ARM_GCC_493\Debug\I2C.o
                                0x2fa (size before relaxing)
 .debug_str     0x00002399       0x96 .\CortexM3\ARM_GCC_493\Debug\blue.o
                                0x2cb (size before relaxing)
 .debug_str     0x0000242f       0x75 .\CortexM3\ARM_GCC_493\Debug\cymetadata.o
                                0x20a (size before relaxing)
 .debug_str     0x000024a4      0x13f .\CortexM3\ARM_GCC_493\Debug\Cm3Start.o
                                0x31e (size before relaxing)
 .debug_str     0x000025e3      0x165 .\CortexM3\ARM_GCC_493\Debug\BalancingCube.a(cyfitter_cfg.o)
                                0x358 (size before relaxing)
 .debug_str     0x00002748      0x7f7 .\CortexM3\ARM_GCC_493\Debug\BalancingCube.a(CyLib.o)
                                0xa5b (size before relaxing)
 .debug_str     0x00002f3f      0x359 .\CortexM3\ARM_GCC_493\Debug\BalancingCube.a(cyPm.o)
                                0x73b (size before relaxing)
 .debug_str     0x00003298       0xe4 .\CortexM3\ARM_GCC_493\Debug\BalancingCube.a(I2CM.o)
                                0x30e (size before relaxing)
 .debug_str     0x0000337c       0x8d .\CortexM3\ARM_GCC_493\Debug\BalancingCube.a(I2CM_INT.o)
                                0x27e (size before relaxing)
 .debug_str     0x00003409       0x5b .\CortexM3\ARM_GCC_493\Debug\BalancingCube.a(I2CM_PM.o)
                                0x29a (size before relaxing)
 .debug_str     0x00003464      0x115 .\CortexM3\ARM_GCC_493\Debug\BalancingCube.a(I2CM_MASTER.o)
                                0x3cf (size before relaxing)
 .debug_str     0x00003579      0x1a1 .\CortexM3\ARM_GCC_493\Debug\BalancingCube.a(flywheel_clock.o)
                                0x362 (size before relaxing)
 .debug_str     0x0000371a       0xf5 .\CortexM3\ARM_GCC_493\Debug\BalancingCube.a(accelUP_ISR.o)
                                0x30e (size before relaxing)
 .debug_str     0x0000380f      0x138 .\CortexM3\ARM_GCC_493\Debug\BalancingCube.a(fw1_PWM.o)
                                0x32d (size before relaxing)
 .debug_str     0x00003947      0x10d .\CortexM3\ARM_GCC_493\Debug\BalancingCube.a(fw3_PWM.o)
                                0x32d (size before relaxing)
 .debug_str     0x00003a54      0x121 .\CortexM3\ARM_GCC_493\Debug\BalancingCube.a(fw2_PWM.o)
                                0x32d (size before relaxing)
 .debug_str     0x00003b75      0x250 .\CortexM3\ARM_GCC_493\Debug\BalancingCube.a(UART.o)
                                0x489 (size before relaxing)
 .debug_str     0x00003dc5      0x138 .\CortexM3\ARM_GCC_493\Debug\BalancingCube.a(UART_IntClock.o)
                                0x356 (size before relaxing)
 .debug_str     0x00003efd       0xea .\CortexM3\ARM_GCC_493\Debug\BalancingCube.a(blueRX_ISR.o)
                                0x300 (size before relaxing)
 .debug_str     0x00003fe7      0x10c .\CortexM3\ARM_GCC_493\Debug\BalancingCube.a(fw3_RPM_ISR.o)
                                0x30e (size before relaxing)
 .debug_str     0x000040f3      0x10c .\CortexM3\ARM_GCC_493\Debug\BalancingCube.a(fw2_RPM_ISR.o)
                                0x30e (size before relaxing)
 .debug_str     0x000041ff      0x10c .\CortexM3\ARM_GCC_493\Debug\BalancingCube.a(fw1_RPM_ISR.o)
                                0x30e (size before relaxing)
 .debug_str     0x0000430b       0xb3 .\CortexM3\ARM_GCC_493\Debug\BalancingCube.a(fw2_RPM_ISRPin.o)
                                0x27d (size before relaxing)
 .debug_str     0x000043be       0xa8 .\CortexM3\ARM_GCC_493\Debug\BalancingCube.a(fw3_RPM_ISRPin.o)
                                0x27d (size before relaxing)
 .debug_str     0x00004466       0xa8 .\CortexM3\ARM_GCC_493\Debug\BalancingCube.a(fw1_RPM_ISRPin.o)
                                0x27d (size before relaxing)
 .debug_str     0x0000450e      0x195 .\CortexM3\ARM_GCC_493\Debug\BalancingCube.a(CyFlash.o)
                                0x3b5 (size before relaxing)
 .debug_str     0x000046a3       0xac .\CortexM3\ARM_GCC_493\Debug\BalancingCube.a(CySpc.o)
                                0x33e (size before relaxing)

.debug_loc      0x00000000     0x477c
 *(.debug_loc)
 .debug_loc     0x00000000       0x4c .\CortexM3\ARM_GCC_493\Debug\main.o
 .debug_loc     0x0000004c     0x1931 .\CortexM3\ARM_GCC_493\Debug\MPU6050.o
 .debug_loc     0x0000197d      0x614 .\CortexM3\ARM_GCC_493\Debug\I2C.o
 .debug_loc     0x00001f91      0x1ac .\CortexM3\ARM_GCC_493\Debug\blue.o
 .debug_loc     0x0000213d      0x144 .\CortexM3\ARM_GCC_493\Debug\Cm3Start.o
 .debug_loc     0x00002281      0x259 .\CortexM3\ARM_GCC_493\Debug\BalancingCube.a(cyfitter_cfg.o)
 .debug_loc     0x000024da      0xa11 .\CortexM3\ARM_GCC_493\Debug\BalancingCube.a(CyLib.o)
 .debug_loc     0x00002eeb      0x1e4 .\CortexM3\ARM_GCC_493\Debug\BalancingCube.a(cyPm.o)
 .debug_loc     0x000030cf       0x39 .\CortexM3\ARM_GCC_493\Debug\BalancingCube.a(I2CM.o)
 .debug_loc     0x00003108       0x29 .\CortexM3\ARM_GCC_493\Debug\BalancingCube.a(I2CM_INT.o)
 .debug_loc     0x00003131       0x13 .\CortexM3\ARM_GCC_493\Debug\BalancingCube.a(I2CM_PM.o)
 .debug_loc     0x00003144      0x52f .\CortexM3\ARM_GCC_493\Debug\BalancingCube.a(I2CM_MASTER.o)
 .debug_loc     0x00003673      0x128 .\CortexM3\ARM_GCC_493\Debug\BalancingCube.a(flywheel_clock.o)
 .debug_loc     0x0000379b       0x56 .\CortexM3\ARM_GCC_493\Debug\BalancingCube.a(accelUP_ISR.o)
 .debug_loc     0x000037f1       0x13 .\CortexM3\ARM_GCC_493\Debug\BalancingCube.a(fw1_PWM.o)
 .debug_loc     0x00003804       0x13 .\CortexM3\ARM_GCC_493\Debug\BalancingCube.a(fw3_PWM.o)
 .debug_loc     0x00003817       0x13 .\CortexM3\ARM_GCC_493\Debug\BalancingCube.a(fw2_PWM.o)
 .debug_loc     0x0000382a      0x258 .\CortexM3\ARM_GCC_493\Debug\BalancingCube.a(UART.o)
 .debug_loc     0x00003a82      0x12c .\CortexM3\ARM_GCC_493\Debug\BalancingCube.a(UART_IntClock.o)
 .debug_loc     0x00003bae       0x56 .\CortexM3\ARM_GCC_493\Debug\BalancingCube.a(blueRX_ISR.o)
 .debug_loc     0x00003c04       0x56 .\CortexM3\ARM_GCC_493\Debug\BalancingCube.a(fw3_RPM_ISR.o)
 .debug_loc     0x00003c5a       0x56 .\CortexM3\ARM_GCC_493\Debug\BalancingCube.a(fw2_RPM_ISR.o)
 .debug_loc     0x00003cb0       0x56 .\CortexM3\ARM_GCC_493\Debug\BalancingCube.a(fw1_RPM_ISR.o)
 .debug_loc     0x00003d06       0x63 .\CortexM3\ARM_GCC_493\Debug\BalancingCube.a(fw2_RPM_ISRPin.o)
 .debug_loc     0x00003d69       0x63 .\CortexM3\ARM_GCC_493\Debug\BalancingCube.a(fw3_RPM_ISRPin.o)
 .debug_loc     0x00003dcc       0x63 .\CortexM3\ARM_GCC_493\Debug\BalancingCube.a(fw1_RPM_ISRPin.o)
 .debug_loc     0x00003e2f      0x300 .\CortexM3\ARM_GCC_493\Debug\BalancingCube.a(CyFlash.o)
 .debug_loc     0x0000412f      0x64d .\CortexM3\ARM_GCC_493\Debug\BalancingCube.a(CySpc.o)

.debug_macinfo
 *(.debug_macinfo)

.debug_ranges   0x00000000     0x1408
 *(.debug_ranges)
 .debug_ranges  0x00000000       0x30 .\CortexM3\ARM_GCC_493\Debug\main.o
 .debug_ranges  0x00000030      0x828 .\CortexM3\ARM_GCC_493\Debug\MPU6050.o
 .debug_ranges  0x00000858       0x58 .\CortexM3\ARM_GCC_493\Debug\I2C.o
 .debug_ranges  0x000008b0       0x20 .\CortexM3\ARM_GCC_493\Debug\blue.o
 .debug_ranges  0x000008d0       0x38 .\CortexM3\ARM_GCC_493\Debug\Cm3Start.o
 .debug_ranges  0x00000908       0x48 .\CortexM3\ARM_GCC_493\Debug\BalancingCube.a(cyfitter_cfg.o)
 .debug_ranges  0x00000950      0x290 .\CortexM3\ARM_GCC_493\Debug\BalancingCube.a(CyLib.o)
 .debug_ranges  0x00000be0       0x88 .\CortexM3\ARM_GCC_493\Debug\BalancingCube.a(cyPm.o)
 .debug_ranges  0x00000c68       0x28 .\CortexM3\ARM_GCC_493\Debug\BalancingCube.a(I2CM.o)
 .debug_ranges  0x00000c90       0x10 .\CortexM3\ARM_GCC_493\Debug\BalancingCube.a(I2CM_INT.o)
 .debug_ranges  0x00000ca0       0x28 .\CortexM3\ARM_GCC_493\Debug\BalancingCube.a(I2CM_PM.o)
 .debug_ranges  0x00000cc8       0x70 .\CortexM3\ARM_GCC_493\Debug\BalancingCube.a(I2CM_MASTER.o)
 .debug_ranges  0x00000d38       0x60 .\CortexM3\ARM_GCC_493\Debug\BalancingCube.a(flywheel_clock.o)
 .debug_ranges  0x00000d98       0x70 .\CortexM3\ARM_GCC_493\Debug\BalancingCube.a(accelUP_ISR.o)
 .debug_ranges  0x00000e08       0x80 .\CortexM3\ARM_GCC_493\Debug\BalancingCube.a(fw1_PWM.o)
 .debug_ranges  0x00000e88       0x80 .\CortexM3\ARM_GCC_493\Debug\BalancingCube.a(fw3_PWM.o)
 .debug_ranges  0x00000f08       0x80 .\CortexM3\ARM_GCC_493\Debug\BalancingCube.a(fw2_PWM.o)
 .debug_ranges  0x00000f88       0xe0 .\CortexM3\ARM_GCC_493\Debug\BalancingCube.a(UART.o)
 .debug_ranges  0x00001068       0x60 .\CortexM3\ARM_GCC_493\Debug\BalancingCube.a(UART_IntClock.o)
 .debug_ranges  0x000010c8       0x70 .\CortexM3\ARM_GCC_493\Debug\BalancingCube.a(blueRX_ISR.o)
 .debug_ranges  0x00001138       0x70 .\CortexM3\ARM_GCC_493\Debug\BalancingCube.a(fw3_RPM_ISR.o)
 .debug_ranges  0x000011a8       0x70 .\CortexM3\ARM_GCC_493\Debug\BalancingCube.a(fw2_RPM_ISR.o)
 .debug_ranges  0x00001218       0x70 .\CortexM3\ARM_GCC_493\Debug\BalancingCube.a(fw1_RPM_ISR.o)
 .debug_ranges  0x00001288       0x38 .\CortexM3\ARM_GCC_493\Debug\BalancingCube.a(fw2_RPM_ISRPin.o)
 .debug_ranges  0x000012c0       0x38 .\CortexM3\ARM_GCC_493\Debug\BalancingCube.a(fw3_RPM_ISRPin.o)
 .debug_ranges  0x000012f8       0x38 .\CortexM3\ARM_GCC_493\Debug\BalancingCube.a(fw1_RPM_ISRPin.o)
 .debug_ranges  0x00001330       0x70 .\CortexM3\ARM_GCC_493\Debug\BalancingCube.a(CyFlash.o)
 .debug_ranges  0x000013a0       0x68 .\CortexM3\ARM_GCC_493\Debug\BalancingCube.a(CySpc.o)

.comment        0x00000000       0x70
 .comment       0x00000000       0x70 .\CortexM3\ARM_GCC_493\Debug\main.o
                                 0x71 (size before relaxing)
 .comment       0x00000000       0x71 .\CortexM3\ARM_GCC_493\Debug\MPU6050.o
 .comment       0x00000000       0x71 .\CortexM3\ARM_GCC_493\Debug\I2C.o
 .comment       0x00000000       0x71 .\CortexM3\ARM_GCC_493\Debug\blue.o
 .comment       0x00000000       0x71 .\CortexM3\ARM_GCC_493\Debug\cymetadata.o
 .comment       0x00000000       0x71 .\CortexM3\ARM_GCC_493\Debug\Cm3Start.o
 .comment       0x00000000       0x71 .\CortexM3\ARM_GCC_493\Debug\BalancingCube.a(cyfitter_cfg.o)
 .comment       0x00000000       0x71 .\CortexM3\ARM_GCC_493\Debug\BalancingCube.a(CyLib.o)
 .comment       0x00000000       0x71 .\CortexM3\ARM_GCC_493\Debug\BalancingCube.a(cyPm.o)
 .comment       0x00000000       0x71 .\CortexM3\ARM_GCC_493\Debug\BalancingCube.a(I2CM.o)
 .comment       0x00000000       0x71 .\CortexM3\ARM_GCC_493\Debug\BalancingCube.a(I2CM_INT.o)
 .comment       0x00000000       0x71 .\CortexM3\ARM_GCC_493\Debug\BalancingCube.a(I2CM_PM.o)
 .comment       0x00000000       0x71 .\CortexM3\ARM_GCC_493\Debug\BalancingCube.a(I2CM_MASTER.o)
 .comment       0x00000000       0x71 .\CortexM3\ARM_GCC_493\Debug\BalancingCube.a(flywheel_clock.o)
 .comment       0x00000000       0x71 .\CortexM3\ARM_GCC_493\Debug\BalancingCube.a(accelUP_ISR.o)
 .comment       0x00000000       0x71 .\CortexM3\ARM_GCC_493\Debug\BalancingCube.a(fw1_PWM.o)
 .comment       0x00000000       0x71 .\CortexM3\ARM_GCC_493\Debug\BalancingCube.a(fw3_PWM.o)
 .comment       0x00000000       0x71 .\CortexM3\ARM_GCC_493\Debug\BalancingCube.a(fw2_PWM.o)
 .comment       0x00000000       0x71 .\CortexM3\ARM_GCC_493\Debug\BalancingCube.a(UART.o)
 .comment       0x00000000       0x71 .\CortexM3\ARM_GCC_493\Debug\BalancingCube.a(UART_IntClock.o)
 .comment       0x00000000       0x71 .\CortexM3\ARM_GCC_493\Debug\BalancingCube.a(blueRX_ISR.o)
 .comment       0x00000000       0x71 .\CortexM3\ARM_GCC_493\Debug\BalancingCube.a(fw3_RPM_ISR.o)
 .comment       0x00000000       0x71 .\CortexM3\ARM_GCC_493\Debug\BalancingCube.a(fw2_RPM_ISR.o)
 .comment       0x00000000       0x71 .\CortexM3\ARM_GCC_493\Debug\BalancingCube.a(fw1_RPM_ISR.o)
 .comment       0x00000000       0x71 .\CortexM3\ARM_GCC_493\Debug\BalancingCube.a(fw2_RPM_ISRPin.o)
 .comment       0x00000000       0x71 .\CortexM3\ARM_GCC_493\Debug\BalancingCube.a(fw3_RPM_ISRPin.o)
 .comment       0x00000000       0x71 .\CortexM3\ARM_GCC_493\Debug\BalancingCube.a(fw1_RPM_ISRPin.o)
 .comment       0x00000000       0x71 .\CortexM3\ARM_GCC_493\Debug\BalancingCube.a(CyFlash.o)
 .comment       0x00000000       0x71 .\CortexM3\ARM_GCC_493\Debug\BalancingCube.a(CySpc.o)

.debug_weaknames
 *(.debug_weaknames)

.debug_funcnames
 *(.debug_funcnames)

.debug_typenames
 *(.debug_typenames)

.debug_varnames
 *(.debug_varnames)

.note.gnu.arm.ident
 *(.note.gnu.arm.ident)

.ARM.attributes
                0x00000000       0x29
 *(.ARM.attributes)
 .ARM.attributes
                0x00000000       0x1d c:/program files (x86)/cypress/psoc creator/4.0/psoc creator/import/gnu/arm/4.9.3/bin/../lib/gcc/arm-none-eabi/4.9.3/armv7-m/crti.o
 .ARM.attributes
                0x0000001d       0x2d c:/program files (x86)/cypress/psoc creator/4.0/psoc creator/import/gnu/arm/4.9.3/bin/../lib/gcc/arm-none-eabi/4.9.3/armv7-m/crtbegin.o
 .ARM.attributes
                0x0000004a       0x1b c:/program files (x86)/cypress/psoc creator/4.0/psoc creator/import/gnu/arm/4.9.3/bin/../lib/gcc/arm-none-eabi/4.9.3/../../../../arm-none-eabi/lib/armv7-m/crt0.o
 .ARM.attributes
                0x00000065       0x33 .\CortexM3\ARM_GCC_493\Debug\main.o
 .ARM.attributes
                0x00000098       0x33 .\CortexM3\ARM_GCC_493\Debug\MPU6050.o
 .ARM.attributes
                0x000000cb       0x33 .\CortexM3\ARM_GCC_493\Debug\I2C.o
 .ARM.attributes
                0x000000fe       0x33 .\CortexM3\ARM_GCC_493\Debug\blue.o
 .ARM.attributes
                0x00000131       0x33 .\CortexM3\ARM_GCC_493\Debug\cymetadata.o
 .ARM.attributes
                0x00000164       0x33 .\CortexM3\ARM_GCC_493\Debug\Cm3Start.o
 .ARM.attributes
                0x00000197       0x33 .\CortexM3\ARM_GCC_493\Debug\BalancingCube.a(cyfitter_cfg.o)
 .ARM.attributes
                0x000001ca       0x33 .\CortexM3\ARM_GCC_493\Debug\BalancingCube.a(CyLib.o)
 .ARM.attributes
                0x000001fd       0x33 .\CortexM3\ARM_GCC_493\Debug\BalancingCube.a(cyPm.o)
 .ARM.attributes
                0x00000230       0x33 .\CortexM3\ARM_GCC_493\Debug\BalancingCube.a(I2CM.o)
 .ARM.attributes
                0x00000263       0x33 .\CortexM3\ARM_GCC_493\Debug\BalancingCube.a(I2CM_INT.o)
 .ARM.attributes
                0x00000296       0x33 .\CortexM3\ARM_GCC_493\Debug\BalancingCube.a(I2CM_PM.o)
 .ARM.attributes
                0x000002c9       0x33 .\CortexM3\ARM_GCC_493\Debug\BalancingCube.a(I2CM_MASTER.o)
 .ARM.attributes
                0x000002fc       0x33 .\CortexM3\ARM_GCC_493\Debug\BalancingCube.a(flywheel_clock.o)
 .ARM.attributes
                0x0000032f       0x33 .\CortexM3\ARM_GCC_493\Debug\BalancingCube.a(accelUP_ISR.o)
 .ARM.attributes
                0x00000362       0x33 .\CortexM3\ARM_GCC_493\Debug\BalancingCube.a(fw1_PWM.o)
 .ARM.attributes
                0x00000395       0x33 .\CortexM3\ARM_GCC_493\Debug\BalancingCube.a(fw3_PWM.o)
 .ARM.attributes
                0x000003c8       0x33 .\CortexM3\ARM_GCC_493\Debug\BalancingCube.a(fw2_PWM.o)
 .ARM.attributes
                0x000003fb       0x33 .\CortexM3\ARM_GCC_493\Debug\BalancingCube.a(UART.o)
 .ARM.attributes
                0x0000042e       0x33 .\CortexM3\ARM_GCC_493\Debug\BalancingCube.a(UART_IntClock.o)
 .ARM.attributes
                0x00000461       0x33 .\CortexM3\ARM_GCC_493\Debug\BalancingCube.a(blueRX_ISR.o)
 .ARM.attributes
                0x00000494       0x33 .\CortexM3\ARM_GCC_493\Debug\BalancingCube.a(fw3_RPM_ISR.o)
 .ARM.attributes
                0x000004c7       0x33 .\CortexM3\ARM_GCC_493\Debug\BalancingCube.a(fw2_RPM_ISR.o)
 .ARM.attributes
                0x000004fa       0x33 .\CortexM3\ARM_GCC_493\Debug\BalancingCube.a(fw1_RPM_ISR.o)
 .ARM.attributes
                0x0000052d       0x33 .\CortexM3\ARM_GCC_493\Debug\BalancingCube.a(fw2_RPM_ISRPin.o)
 .ARM.attributes
                0x00000560       0x33 .\CortexM3\ARM_GCC_493\Debug\BalancingCube.a(fw3_RPM_ISRPin.o)
 .ARM.attributes
                0x00000593       0x33 .\CortexM3\ARM_GCC_493\Debug\BalancingCube.a(fw1_RPM_ISRPin.o)
 .ARM.attributes
                0x000005c6       0x21 .\CortexM3\ARM_GCC_493\Debug\BalancingCube.a(CyBootAsmGnu.o)
 .ARM.attributes
                0x000005e7       0x33 .\CortexM3\ARM_GCC_493\Debug\BalancingCube.a(CyFlash.o)
 .ARM.attributes
                0x0000061a       0x33 .\CortexM3\ARM_GCC_493\Debug\BalancingCube.a(CySpc.o)
 .ARM.attributes
                0x0000064d       0x2d c:/program files (x86)/cypress/psoc creator/4.0/psoc creator/import/gnu/arm/4.9.3/bin/../lib/gcc/arm-none-eabi/4.9.3/../../../../arm-none-eabi/lib/armv7-m\libg_nano.a(lib_a-errno.o)
 .ARM.attributes
                0x0000067a       0x2d c:/program files (x86)/cypress/psoc creator/4.0/psoc creator/import/gnu/arm/4.9.3/bin/../lib/gcc/arm-none-eabi/4.9.3/../../../../arm-none-eabi/lib/armv7-m\libg_nano.a(lib_a-exit.o)
 .ARM.attributes
                0x000006a7       0x2d c:/program files (x86)/cypress/psoc creator/4.0/psoc creator/import/gnu/arm/4.9.3/bin/../lib/gcc/arm-none-eabi/4.9.3/../../../../arm-none-eabi/lib/armv7-m\libg_nano.a(lib_a-impure.o)
 .ARM.attributes
                0x000006d4       0x2d c:/program files (x86)/cypress/psoc creator/4.0/psoc creator/import/gnu/arm/4.9.3/bin/../lib/gcc/arm-none-eabi/4.9.3/../../../../arm-none-eabi/lib/armv7-m\libg_nano.a(lib_a-init.o)
 .ARM.attributes
                0x00000701       0x2d c:/program files (x86)/cypress/psoc creator/4.0/psoc creator/import/gnu/arm/4.9.3/bin/../lib/gcc/arm-none-eabi/4.9.3/../../../../arm-none-eabi/lib/armv7-m\libg_nano.a(lib_a-memcpy.o)
 .ARM.attributes
                0x0000072e       0x2d c:/program files (x86)/cypress/psoc creator/4.0/psoc creator/import/gnu/arm/4.9.3/bin/../lib/gcc/arm-none-eabi/4.9.3/../../../../arm-none-eabi/lib/armv7-m\libg_nano.a(lib_a-memset.o)
 .ARM.attributes
                0x0000075b       0x2d c:/program files (x86)/cypress/psoc creator/4.0/psoc creator/import/gnu/arm/4.9.3/bin/../lib/gcc/arm-none-eabi/4.9.3/../../../../arm-none-eabi/lib/armv7-m\libg_nano.a(lib_a-strncmp.o)
 .ARM.attributes
                0x00000788       0x2d c:/program files (x86)/cypress/psoc creator/4.0/psoc creator/import/gnu/arm/4.9.3/bin/../lib/gcc/arm-none-eabi/4.9.3/armv7-m/crtend.o
 .ARM.attributes
                0x000007b5       0x1d c:/program files (x86)/cypress/psoc creator/4.0/psoc creator/import/gnu/arm/4.9.3/bin/../lib/gcc/arm-none-eabi/4.9.3/armv7-m/crtn.o

/DISCARD/
 *(.note.GNU-stack)
OUTPUT(.\CortexM3\ARM_GCC_493\Debug\BalancingCube.elf elf32-littlearm)
